---
source: test/tests/all/work.rs
assertion_line: 75
expression: profile(&dir)
---
ticks 60, entities per tick 8.0
per tick:        evals      24.8  queries      0.0  maps      0.0
per entity-tick: evals      3.10  queries     0.00  maps     0.00
hottest rules (checks per tick, % that fired):
  grid                           8.0    1.7%
  lap                            8.0    0.0%
  odometer                       8.0  100.0%
  drive                          0.0    0.0%
  shift                          0.0    0.0%
checked but never fired: lap
