---
source: test/tests/all/work.rs
expression: profile(&dir)
---
ticks 60, entities per tick 85.0
per tick:        evals       2.0  queries      0.0  maps      3.0
per entity-tick: evals      0.02  queries     0.00  maps     0.04
hottest rules (checks per tick, % that fired):
  ghost_drift                    3.0  100.0%
  ghost_dust                     3.0    0.0%
  ghost_spared                   3.0    0.0%
  hero_falls                     1.0    0.0%
  fight                          0.0    0.0%
  ghost_chase                    0.0    0.0%
checked but never fired: ghost_dust, ghost_spared, hero_falls
