---
source: test/tests/all/work.rs
expression: profile(&dir)
---
ticks 60, entities per tick 22.6
per tick:        evals     260.2  queries     76.5  maps     91.0
per entity-tick: evals     11.54  queries     3.39  maps     4.04
hottest rules (checks per tick, % that fired):
  appetite                      12.6  100.0%
  body_heat                     12.6   88.2%
  eat                           12.6    0.0%
  eat_by_warmth                 12.6    2.7%
  go_hungry                     12.6    2.8%
  grow_older                    12.6  100.0%
checked but never fired: eat, starve, rally_fades, rot, spoil, follow_scent, pick_berry
