---
source: test/tests/all/work.rs
assertion_line: 75
expression: profile(&dir)
---
ticks 60, entities per tick 53.0
per tick:        evals       9.2  queries      2.0  maps      0.0
per entity-tick: evals      0.17  queries     0.04  maps     0.00
hottest rules (checks per tick, % that fired):
  chop                           2.0   16.7%
  quarry                         2.0   16.7%
  pricing                        1.0  100.0%
  town_demand                    1.0   25.0%
  build                          0.0    0.0%
  buy_stone                      0.0    0.0%
