---
source: test/tests/all/work.rs
expression: profile(&dir)
---
ticks 60, entities per tick 91.0
per tick:        evals     334.6  queries    182.0  maps     91.0
per entity-tick: evals      3.68  queries     2.00  maps     1.00
hottest rules (checks per tick, % that fired):
  metabolism                    91.0  100.0%
  starvation                    91.0    0.0%
  graze                         73.2   46.3%
  sheep_breeding                73.2    1.8%
  sheep_wander                  73.2  100.0%
  sheep_flee                    12.7  100.0%
checked but never fired: wolf_breeding
